// Jest Snapshot v1, https://goo.gl/fbAQLP

exports[`<Switch /> should render the heading 1`] = `
<main
  class=""
>
  <h1>
    Switch
  </h1>
</main>
`;
